// Jest Snapshot v1, https://goo.gl/fbAQLP

exports[`<BookDetails /> should render and match the snapshot 1`] = `null`;
