// Jest Snapshot v1, https://goo.gl/fbAQLP

exports[`<Navigation /> should render and match the snapshot 1`] = `
Object {
  "asFragment": [Function],
  "baseElement": <body>
    <div>
      <nav
        class="navbar navbar-expand-md navbar-dark bg-dark"
      >
        <a
          class="navbar-brand"
          href="/"
        >
          <span>
            Book Store
          </span>
        </a>
        <button
          aria-label="Toggle navigation"
          class="navbar-toggler"
          type="button"
        >
          <span
            class="navbar-toggler-icon"
          />
        </button>
        <div
          class="collapse navbar-collapse"
        >
          <ul
            class="ml-auto navbar-nav"
          >
            <li
              class="nav-item"
            >
              <a
                class="nav-link"
                href="/"
              >
                <span>
                  Search Books
                </span>
              </a>
            </li>
          </ul>
        </div>
      </nav>
    </div>
  </body>,
  "container": <div>
    <nav
      class="navbar navbar-expand-md navbar-dark bg-dark"
    >
      <a
        class="navbar-brand"
        href="/"
      >
        <span>
          Book Store
        </span>
      </a>
      <button
        aria-label="Toggle navigation"
        class="navbar-toggler"
        type="button"
      >
        <span
          class="navbar-toggler-icon"
        />
      </button>
      <div
        class="collapse navbar-collapse"
      >
        <ul
          class="ml-auto navbar-nav"
        >
          <li
            class="nav-item"
          >
            <a
              class="nav-link"
              href="/"
            >
              <span>
                Search Books
              </span>
            </a>
          </li>
        </ul>
      </div>
    </nav>
  </div>,
  "debug": [Function],
  "findAllByAltText": [Function],
  "findAllByDisplayValue": [Function],
  "findAllByLabelText": [Function],
  "findAllByPlaceholderText": [Function],
  "findAllByRole": [Function],
  "findAllByTestId": [Function],
  "findAllByText": [Function],
  "findAllByTitle": [Function],
  "findByAltText": [Function],
  "findByDisplayValue": [Function],
  "findByLabelText": [Function],
  "findByPlaceholderText": [Function],
  "findByRole": [Function],
  "findByTestId": [Function],
  "findByText": [Function],
  "findByTitle": [Function],
  "getAllByAltText": [Function],
  "getAllByDisplayValue": [Function],
  "getAllByLabelText": [Function],
  "getAllByPlaceholderText": [Function],
  "getAllByRole": [Function],
  "getAllBySelectText": [Function],
  "getAllByTestId": [Function],
  "getAllByText": [Function],
  "getAllByTitle": [Function],
  "getAllByValue": [Function],
  "getByAltText": [Function],
  "getByDisplayValue": [Function],
  "getByLabelText": [Function],
  "getByPlaceholderText": [Function],
  "getByRole": [Function],
  "getBySelectText": [Function],
  "getByTestId": [Function],
  "getByText": [Function],
  "getByTitle": [Function],
  "getByValue": [Function],
  "queryAllByAltText": [Function],
  "queryAllByDisplayValue": [Function],
  "queryAllByLabelText": [Function],
  "queryAllByPlaceholderText": [Function],
  "queryAllByRole": [Function],
  "queryAllBySelectText": [Function],
  "queryAllByTestId": [Function],
  "queryAllByText": [Function],
  "queryAllByTitle": [Function],
  "queryAllByValue": [Function],
  "queryByAltText": [Function],
  "queryByDisplayValue": [Function],
  "queryByLabelText": [Function],
  "queryByPlaceholderText": [Function],
  "queryByRole": [Function],
  "queryBySelectText": [Function],
  "queryByTestId": [Function],
  "queryByText": [Function],
  "queryByTitle": [Function],
  "queryByValue": [Function],
  "rerender": [Function],
  "unmount": [Function],
}
`;
